// Jest Snapshot v1, https://goo.gl/fbAQLP

exports[`returns @font-face declaration as a string 1`] = `"@font-face { font-style: italic;font-weight: 400;font-family: Helvetica;src: local('Helvetica Regular'),local('Helvetica-Regular'); } @font-face { font-style: normal;font-weight: 400;font-family: Helvetica;src: local('Helvetica Regular'),local('Helvetica-Regular'); } @font-face { font-style: normal;font-weight: 500;font-family: Helvetica;src: local('Helvetica Medium'),local('Helvetica-Medium'), url(file-mock?#iefix) format('embedded-opentype'), url(file-mock) format('woff'), url(file-mock) format('woff2'), url(file-mock) format('ttf'); } @font-face { font-style: normal;font-weight: bold;font-family: Helvetica;src: local('Helvetica Bold'),local('Helvetica-Bold'), url(./font-file.eot?#iefix) format('embedded-opentype'), url(./font-file.woff) format('woff'), url(./font-file.woff2) format('woff2'), url(./font-file.ttf) format('ttf'); }"`;

exports[`returns @font-face declaration with additional fontFace styles 1`] = `"@font-face { font-style: italic;font-weight: 400;font-family: Helvetica;src: local('Helvetica Regular'),local('Helvetica-Regular');font-display: swap;-moz-font-feature-settings: \\"tnum\\", \\"liga\\"; } @font-face { font-style: normal;font-weight: 400;font-family: Helvetica;src: local('Helvetica Regular'),local('Helvetica-Regular');font-display: swap;-moz-font-feature-settings: \\"tnum\\", \\"liga\\"; } @font-face { font-style: normal;font-weight: 500;font-family: Helvetica;src: local('Helvetica Medium'),local('Helvetica-Medium'), url(file-mock?#iefix) format('embedded-opentype'), url(file-mock) format('woff'), url(file-mock) format('woff2'), url(file-mock) format('ttf');font-display: swap;-moz-font-feature-settings: \\"tnum\\", \\"liga\\"; } @font-face { font-style: normal;font-weight: bold;font-family: Helvetica;src: local('Helvetica Bold'),local('Helvetica-Bold'), url(./font-file.eot?#iefix) format('embedded-opentype'), url(./font-file.woff) format('woff'), url(./font-file.woff2) format('woff2'), url(./font-file.ttf) format('ttf');font-display: swap;-moz-font-feature-settings: \\"tnum\\", \\"liga\\"; }"`;

exports[`returns @font-face declaration with the family wrapped in quotes 1`] = `"@font-face { font-style: italic;font-weight: 400;font-family: 'Helvetica Neue';src: local('Helvetica Regular'),local('Helvetica-Regular'); } @font-face { font-style: normal;font-weight: 400;font-family: 'Helvetica Neue';src: local('Helvetica Regular'),local('Helvetica-Regular'); } @font-face { font-style: normal;font-weight: 500;font-family: 'Helvetica Neue';src: local('Helvetica Medium'),local('Helvetica-Medium'), url(file-mock?#iefix) format('embedded-opentype'), url(file-mock) format('woff'), url(file-mock) format('woff2'), url(file-mock) format('ttf'); } @font-face { font-style: normal;font-weight: bold;font-family: 'Helvetica Neue';src: local('Helvetica Bold'),local('Helvetica-Bold'), url(./font-file.eot?#iefix) format('embedded-opentype'), url(./font-file.woff) format('woff'), url(./font-file.woff2) format('woff2'), url(./font-file.ttf) format('ttf'); }"`;

exports[`returns @font-face declaration without fallback families 1`] = `"@font-face { font-style: italic;font-weight: 400;font-family: Helvetica;src: local('Helvetica Regular'),local('Helvetica-Regular'); } @font-face { font-style: normal;font-weight: 400;font-family: Helvetica;src: local('Helvetica Regular'),local('Helvetica-Regular'); } @font-face { font-style: normal;font-weight: 500;font-family: Helvetica;src: local('Helvetica Medium'),local('Helvetica-Medium'), url(file-mock?#iefix) format('embedded-opentype'), url(file-mock) format('woff'), url(file-mock) format('woff2'), url(file-mock) format('ttf'); } @font-face { font-style: normal;font-weight: bold;font-family: Helvetica;src: local('Helvetica Bold'),local('Helvetica-Bold'), url(./font-file.eot?#iefix) format('embedded-opentype'), url(./font-file.woff) format('woff'), url(./font-file.woff2) format('woff2'), url(./font-file.ttf) format('ttf'); }"`;

exports[`returns @font-face declaration without the family wrapped in quotes 1`] = `"@font-face { font-style: italic;font-weight: 400;font-family: Helvetica;src: local('Helvetica Regular'),local('Helvetica-Regular'); } @font-face { font-style: normal;font-weight: 400;font-family: Helvetica;src: local('Helvetica Regular'),local('Helvetica-Regular'); } @font-face { font-style: normal;font-weight: 500;font-family: Helvetica;src: local('Helvetica Medium'),local('Helvetica-Medium'), url(file-mock?#iefix) format('embedded-opentype'), url(file-mock) format('woff'), url(file-mock) format('woff2'), url(file-mock) format('ttf'); } @font-face { font-style: normal;font-weight: bold;font-family: Helvetica;src: local('Helvetica Bold'),local('Helvetica-Bold'), url(./font-file.eot?#iefix) format('embedded-opentype'), url(./font-file.woff) format('woff'), url(./font-file.woff2) format('woff2'), url(./font-file.ttf) format('ttf'); }"`;
