// Jest Snapshot v1, https://goo.gl/fbAQLP

exports[`returns @font-face declaration as snapshots: @font-face declaration with additional fontFace styles 1`] = `"@font-face { font-style: italic;font-weight: 400;font-family: Helvetica;src: local('Helvetica Regular'),local('Helvetica-Regular');font-display: swap;-moz-font-feature-settings: \\"tnum\\", \\"liga\\"; } @font-face { font-style: normal;font-weight: 400;font-family: Helvetica;src: local('Helvetica Regular'),local('Helvetica-Regular');font-display: swap;-moz-font-feature-settings: \\"tnum\\", \\"liga\\"; } @font-face { font-style: normal;font-weight: 500;font-family: Helvetica;src: local('Helvetica Medium'),local('Helvetica-Medium'), url(./font-file.eot?#iefix) format('embedded-opentype'), url(./font-file.woff) format('woff'), url(./font-file.woff2) format('woff2'), url(./font-file.ttf) format('ttf');font-display: swap;-moz-font-feature-settings: \\"tnum\\", \\"liga\\"; } @font-face { font-style: normal;font-weight: bold;font-family: Helvetica;src: local('Helvetica Bold'),local('Helvetica-Bold'), url(./font-file.eot?#iefix) format('embedded-opentype'), url(./font-file.woff) format('woff'), url(./font-file.woff2) format('woff2'), url(./font-file.ttf) format('ttf');font-display: swap;-moz-font-feature-settings: \\"tnum\\", \\"liga\\"; }"`;

exports[`returns @font-face declaration as snapshots: @font-face declaration with the family wrapped in quotes 1`] = `"@font-face { font-style: italic;font-weight: 400;font-family: 'Helvetica Neue';src: local('Helvetica Regular'),local('Helvetica-Regular'); } @font-face { font-style: normal;font-weight: 400;font-family: 'Helvetica Neue';src: local('Helvetica Regular'),local('Helvetica-Regular'); } @font-face { font-style: normal;font-weight: 500;font-family: 'Helvetica Neue';src: local('Helvetica Medium'),local('Helvetica-Medium'), url(./font-file.eot?#iefix) format('embedded-opentype'), url(./font-file.woff) format('woff'), url(./font-file.woff2) format('woff2'), url(./font-file.ttf) format('ttf'); } @font-face { font-style: normal;font-weight: bold;font-family: 'Helvetica Neue';src: local('Helvetica Bold'),local('Helvetica-Bold'), url(./font-file.eot?#iefix) format('embedded-opentype'), url(./font-file.woff) format('woff'), url(./font-file.woff2) format('woff2'), url(./font-file.ttf) format('ttf'); }"`;

exports[`returns @font-face declaration as snapshots: @font-face declaration without the family wrapped in quotes 1`] = `"@font-face { font-style: italic;font-weight: 400;font-family: Helvetica;src: local('Helvetica Regular'),local('Helvetica-Regular'); } @font-face { font-style: normal;font-weight: 400;font-family: Helvetica;src: local('Helvetica Regular'),local('Helvetica-Regular'); } @font-face { font-style: normal;font-weight: 500;font-family: Helvetica;src: local('Helvetica Medium'),local('Helvetica-Medium'), url(./font-file.eot?#iefix) format('embedded-opentype'), url(./font-file.woff) format('woff'), url(./font-file.woff2) format('woff2'), url(./font-file.ttf) format('ttf'); } @font-face { font-style: normal;font-weight: bold;font-family: Helvetica;src: local('Helvetica Bold'),local('Helvetica-Bold'), url(./font-file.eot?#iefix) format('embedded-opentype'), url(./font-file.woff) format('woff'), url(./font-file.woff2) format('woff2'), url(./font-file.ttf) format('ttf'); }"`;

exports[`returns font styles as snapshots: Font styles as objects with fallback families 1`] = `
Object {
  "s14": Object {
    "i400": Object {
      "fontFamily": "Helvetica, -apple-system, BlinkMacSystemFont",
      "fontSize": "14px",
      "fontStyle": "italic",
      "fontWeight": 400,
      "letterSpacing": "initial",
      "lineHeight": "18px",
    },
    "n400": Object {
      "fontFamily": "Helvetica, -apple-system, BlinkMacSystemFont",
      "fontSize": "14px",
      "fontStyle": "normal",
      "fontWeight": 400,
      "letterSpacing": "initial",
      "lineHeight": "18px",
    },
  },
  "s20": Object {
    "n500": Object {
      "fontFamily": "Helvetica, -apple-system, BlinkMacSystemFont",
      "fontSize": "20px",
      "fontStyle": "normal",
      "fontWeight": 500,
      "letterSpacing": "0.29px",
      "lineHeight": "22px",
    },
    "n500_caps": Object {
      "fontFamily": "Helvetica, -apple-system, BlinkMacSystemFont",
      "fontSize": "20px",
      "fontStyle": "normal",
      "fontWeight": 500,
      "letterSpacing": "1px",
      "lineHeight": "1px",
      "textTransform": "uppercase",
    },
    "n500_lower": Object {
      "fontFamily": "Helvetica, -apple-system, BlinkMacSystemFont",
      "fontSize": "20px",
      "fontStyle": "normal",
      "fontWeight": 500,
      "letterSpacing": "initial",
      "lineHeight": "normal",
      "textTransform": "lowercase",
    },
    "nBold": Object {
      "fontFamily": "Helvetica, -apple-system, BlinkMacSystemFont",
      "fontSize": "20rem",
      "fontStyle": "normal",
      "fontWeight": "bold",
      "letterSpacing": "0.29em",
      "lineHeight": "22em",
    },
  },
  "sFooBar": Object {
    "nBold": Object {
      "fontFamily": "Helvetica, -apple-system, BlinkMacSystemFont",
      "fontSize": "FooBar",
      "fontStyle": "normal",
      "fontWeight": "bold",
      "letterSpacing": "0.29em",
      "lineHeight": "22em",
    },
  },
}
`;

exports[`returns font styles as snapshots: Font styles as objects without fallback families 1`] = `"@font-face { font-style: italic;font-weight: 400;font-family: Helvetica;src: local('Helvetica Regular'),local('Helvetica-Regular'); } @font-face { font-style: normal;font-weight: 400;font-family: Helvetica;src: local('Helvetica Regular'),local('Helvetica-Regular'); } @font-face { font-style: normal;font-weight: 500;font-family: Helvetica;src: local('Helvetica Medium'),local('Helvetica-Medium'), url(./font-file.eot?#iefix) format('embedded-opentype'), url(./font-file.woff) format('woff'), url(./font-file.woff2) format('woff2'), url(./font-file.ttf) format('ttf'); } @font-face { font-style: normal;font-weight: bold;font-family: Helvetica;src: local('Helvetica Bold'),local('Helvetica-Bold'), url(./font-file.eot?#iefix) format('embedded-opentype'), url(./font-file.woff) format('woff'), url(./font-file.woff2) format('woff2'), url(./font-file.ttf) format('ttf'); }"`;

exports[`returns font styles as snapshots: Font styles with additional font styles 1`] = `"@font-face { font-style: italic;font-weight: 400;font-family: Helvetica;src: local('Helvetica Regular'),local('Helvetica-Regular'); } @font-face { font-style: normal;font-weight: 400;font-family: Helvetica;src: local('Helvetica Regular'),local('Helvetica-Regular'); } @font-face { font-style: normal;font-weight: 500;font-family: Helvetica;src: local('Helvetica Medium'),local('Helvetica-Medium'), url(./font-file.eot?#iefix) format('embedded-opentype'), url(./font-file.woff) format('woff'), url(./font-file.woff2) format('woff2'), url(./font-file.ttf) format('ttf'); } @font-face { font-style: normal;font-weight: bold;font-family: Helvetica;src: local('Helvetica Bold'),local('Helvetica-Bold'), url(./font-file.eot?#iefix) format('embedded-opentype'), url(./font-file.woff) format('woff'), url(./font-file.woff2) format('woff2'), url(./font-file.ttf) format('ttf'); }"`;
